border_size=1
usage=map

Qxu         , Qxu         , Qxu         , Qxu         , Qxu         , Qxu         , Qxu         , Qxu         , Qxu         , Qxu         , Qxu         , Qxu         , Qxu         , Qxu         , Qxu         , Qxu         , Qxu         , Qxu         , Qxu         , Qxu         , Xu          , Xu          , Xu          , Qxu         , Qxu         , Qxu         , Qxu         , Qxu         , Qxu         , Qxu         , Qxu         , Qxu         , Qxu         , Qxu         , Qxu         , Qxu         , Qxu         , Qxu         , Qxu         , Qxu         , Qxu         , Qxu         , Qxu         
Qxu         , Uu^Vud      , Qxu^Bs\     , Qxu         , Qxu         , Qxu         , Qxu         , Qxu         , Qxu         , Qxu         , Uu          , Qxu         , Rr          , Qxu         , Uu          , Qxu         , Qxu         , Qxu         , Qxu         , Qxu         , Ww          , Xu          , Ww          , Qxu         , Qxu         , Qxu         , Qxu         , Qxu         , Uu          , Qxu         , Rr          , Qxu         , Uu          , Qxu         , Qxu         , Qxu         , Qxu         , Qxu         , Qxu         , Qxu         , Qxu^Bs/     , Uu^Vud      , Qxu         
Qxu         , Qxu         , Qxu         , Re          , Qxu^Bs\     , Qxu         , Ww          , Qxu         , Qxu         , Qxu         , Qxu         , Rr          , Ur          , Rr          , Qxu         , Qxu         , Qxu         , Qxu         , Ww          , Qxu         , Ww          , Ww          , Ww          , Qxu         , Ww          , Qxu         , Qxu         , Qxu         , Qxu         , Rr          , Ur          , Rr          , Qxu         , Qxu         , Qxu         , Qxu         , Ww          , Qxu         , Qxu^Bs/     , Re          , Qxu         , Qxu         , Qxu         
Qxu         , Qxu         , Qxu         , Qxu         , Qxu         , Ww          , Ww          , Ww          , Ww          , Qxu         , Uu          , Rr          , Rr          , Rr          , Uu          , Qxu         , Ww          , Ww          , Ww          , Ww          , Ww          , Ww          , Ww          , Ww          , Ww          , Ww          , Ww          , Qxu         , Uu          , Rr          , Rr          , Rr          , Uu          , Qxu         , Ww          , Ww          , Ww          , Ww          , Qxu         , Qxu         , Qxu         , Qxu         , Qxu         
Qxu         , Qxu         , Xu          , Qxu         , Ww          , Ww          , Wwr         , Ww          , Ww          , Qxu         , Qxu         , Qxu         , Wwf         , Qxu         , Qxu         , Qxu         , Ww          , Ww          , Gs^Fp       , Ww          , Ww          , Ww          , Ww          , Ww          , Gs^Fp       , Ww          , Ww          , Qxu         , Qxu         , Qxu         , Wwf         , Qxu         , Qxu         , Qxu         , Ww          , Ww          , Wwr         , Ww          , Ww          , Qxu         , Xu          , Qxu         , Qxu         
Qxu         , Qxu         , Qxu         , Qxu         , Ww          , Ww          , Gg          , Ww          , Ww          , Ww          , Wwf         , Wwf         , Ww          , Ww          , Ww          , Ww          , Ww          , Ww          , Hh^Fp       , Gg          , Gg          , Gg          , Gg          , Gg          , Hh^Fp       , Ww          , Ww          , Ww          , Ww          , Ww          , Ww          , Wwf         , Wwf         , Ww          , Ww          , Ww          , Gg          , Ww          , Ww          , Qxu         , Qxu         , Qxu         , Qxu         
Qxu         , Qxu         , Qxu         , Ww          , Ww          , Ww          , Ww          , Hh          , Hh^Vhh      , Wwf         , Ww          , Ww          , Ww          , Ww^Vm       , Ww          , Ww          , Gs^Fp       , Hh^Fp       , Hh^Vhh      , Hh^Fp       , Gg          , Gg          , Gg          , Hh^Fp       , Hh^Vhh      , Hh^Fp       , Gs^Fp       , Ww          , Ww          , Ww^Vm       , Ww          , Ww          , Ww          , Wwf         , Hh^Vhh      , Hh          , Ww          , Ww          , Ww          , Ww          , Qxu         , Qxu         , Qxu         
Qxu         , Qxu         , Qxu         , Ww          , Ww          , Ww          , Wwr         , Wwr         , Mm          , Hh          , Ds          , Ww          , Ds          , Ww          , Ds          , Gs^Fp       , Gs^Fp       , Hh^Fp       , Hh^Fp       , Hh^Fp       , Gg          , Gg          , Gg          , Hh^Fp       , Hh^Fp       , Hh^Fp       , Gs^Fp       , Gs^Fp       , Ds          , Ww          , Ds          , Ww          , Ds          , Hh          , Mm          , Wwr         , Wwr         , Ww          , Ww          , Ww          , Qxu         , Qxu         , Qxu         
Qxu         , Ur          , Qxu         , Ww          , Ww          , Ww          , Mm          , Hh^Fp       , Hh^Fp       , Hh          , Hh          , Ds          , Gg          , Ds          , Gg          , Gg          , Gg          , Gs^Fp       , Gg          , Gg          , Gg          , Gg          , Gg          , Gg          , Gg          , Gs^Fp       , Gg          , Gg          , Gg          , Ds          , Gg          , Ds          , Hh          , Hh          , Hh^Fp       , Hh^Fp       , Mm          , Ww          , Ww          , Ww          , Qxu         , Ur          , Qxu         
Qxu         , Qxu         , Qxu         , Qxu         , Ww          , Ww          , Wwr         , Ch          , Ch          , Mm          , Rr          , Gg          , Hh          , Gg          , Gg          , Gg          , Ql          , Gg          , Gg          , Gg          , Gg          , Gg          , Gg          , Gg          , Gg          , Gg          , Ql          , Gg          , Gg          , Gg          , Hh          , Gg          , Rr          , Mm          , Ch          , Ch          , Wwr         , Ww          , Ww          , Qxu         , Qxu         , Qxu         , Qxu         
Qxu         , Ur          , Qxu         , Ww          , Ww          , Ww          , Chw         , Ch          , Rr          , Ch          , Hh          , Hh          , Hh          , Gg          , Gg          , Ql          , Co          , Ql^Bs/      , Ql          , Ql^Bs|      , Ql          , Gg          , Ql          , Ql^Bs|      , Ql          , Ql^Bs\      , Co          , Ql          , Gg          , Gg          , Hh          , Hh          , Hh          , Ch          , Rr          , Ch          , Chw         , Ww          , Ww          , Ww          , Qxu         , Ur          , Qxu         
Qxu         , Qxu         , Qxu         , Ww          , Ww          , Mm^Vhh      , Chw         , 1 Kh        , Rr          , Rr          , Hh          , Hh          , Hh          , Gg^Vh       , Gg          , Ql          , Ko          , Ql          , Ql          , Rd          , Ql          , Ql          , Ql          , Rd          , Ql          , Ql          , Ko          , Ql          , Gg          , Gg^Vh       , Hh          , Hh          , Hh          , Rr          , Rr          , 2 Kh        , Chw         , Mm^Vhh      , Ww          , Ww          , Qxu         , Qxu         , Qxu         
Qxu         , Ur          , Qxu         , Ww          , Ww          , Ww          , Wwr         , Ch          , Ch          , Ch          , Rr          , Hh          , Hh          , Gg          , Gg          , Ql          , Ql          , Ql^Bs\      , Gg          , Ql^Bs|      , Gg          , Gg          , Gg          , Ql^Bs|      , Gg          , Ql^Bs/      , Ql          , Ql          , Gg          , Gg          , Hh          , Hh          , Rr          , Ch          , Ch          , Ch          , Wwr         , Ww          , Ww          , Ww          , Qxu         , Ur          , Qxu         
Qxu         , Qxu         , Qxu         , Qxu         , Ww          , Ww          , Mm          , Ch          , Hh^Fp       , Mm          , Hh          , Gg          , Gg          , Gg          , Gg          , Gg          , Gg          , Gg          , Gg          , Gg          , Gg          , Gg          , Gg          , Gg          , Gg          , Gg          , Gg          , Gg          , Gg          , Gg          , Gg          , Gg          , Hh          , Mm          , Hh^Fp       , Ch          , Mm          , Ww          , Ww          , Qxu         , Qxu         , Qxu         , Qxu         
Qxu         , Ur          , Qxu         , Ww          , Ww          , Ww          , Wwr         , Hh^Fp       , Mm          , Hh          , Ds          , Ds          , Ds          , Ds          , Ds          , Gg          , Gs^Fp       , Gs^Fp       , Hh^Fp       , Gg          , Gg          , Gg          , Gg          , Gg          , Hh^Fp       , Gs^Fp       , Gs^Fp       , Gg          , Ds          , Ds          , Ds          , Ds          , Ds          , Hh          , Mm          , Hh^Fp       , Wwr         , Ww          , Ww          , Ww          , Qxu         , Ur          , Qxu         
Qxu         , Qxu         , Qxu         , Ww          , Ww          , Ww          , Ww          , Wwr         , Hh^Vhh      , Hh          , Ww          , Ww          , Ww          , Ww          , Ww          , Gs^Fp       , Gs^Fp       , Hh^Fp       , Hh^Vhh      , Hh^Fp       , Gg          , Gg          , Gg          , Hh^Fp       , Hh^Vhh      , Hh^Fp       , Gs^Fp       , Gs^Fp       , Ww          , Ww          , Ww          , Ww          , Ww          , Hh          , Hh^Vhh      , Wwr         , Ww          , Ww          , Ww          , Ww          , Qxu         , Qxu         , Qxu         
Qxu         , Qxu         , Qxu         , Ww          , Ww          , Ww          , Gg          , Hh          , Ww          , Wwf         , Wwf         , Ww          , Ww          , Ww^Vm       , Ww          , Ww          , Ww          , Hh^Fp       , Hh^Fp       , Hh^Fp       , Gg          , Gg          , Gg          , Hh^Fp       , Hh^Fp       , Hh^Fp       , Ww          , Ww          , Ww          , Ww^Vm       , Ww          , Ww          , Wwf         , Wwf         , Ww          , Hh          , Gg          , Ww          , Ww          , Ww          , Qxu         , Qxu         , Qxu         
Qxu         , Qxu         , Xu          , Qxu         , Ww          , Ww          , Wwr         , Ww          , Ww          , Ww          , Qxu         , Wwf         , Wwf         , Ww          , Qxu         , Ww          , Ww          , Ww          , Gs^Fp       , Gg          , Ww          , Gg          , Ww          , Gg          , Gs^Fp       , Ww          , Ww          , Ww          , Qxu         , Ww          , Wwf         , Wwf         , Qxu         , Ww          , Ww          , Ww          , Wwr         , Ww          , Ww          , Qxu         , Xu          , Qxu         , Qxu         
Qxu         , Qxu         , Qxu         , Qxu         , Qxu         , Ww          , Ww          , Ww          , Ww          , Qxu         , Uu          , Qxu         , Rr          , Qxu         , Uu          , Qxu         , Ww          , Ww          , Ww          , Ww          , Ww          , Ww          , Ww          , Ww          , Ww          , Ww          , Ww          , Qxu         , Uu          , Qxu         , Rr          , Qxu         , Uu          , Qxu         , Ww          , Ww          , Ww          , Ww          , Qxu         , Qxu         , Qxu         , Qxu         , Qxu         
Qxu         , Qxu         , Qxu         , Qxu         , Qxu^Bs/     , Ww          , Ww          , Ww          , Qxu         , Qxu         , Qxu         , Rr          , Ur          , Rr          , Qxu         , Qxu         , Qxu         , Ww          , Ww          , Ww          , Ww          , Ww          , Ww          , Ww          , Ww          , Ww          , Qxu         , Qxu         , Qxu         , Rr          , Ur          , Rr          , Qxu         , Qxu         , Qxu         , Ww          , Ww          , Ww          , Qxu^Bs\     , Qxu         , Qxu         , Qxu         , Qxu         
Qxu         , Qxu         , Qxu^Bs/     , Re          , Qxu         , Qxu         , Qxu         , Qxu         , Qxu         , Qxu         , Uu          , Rr          , Rr          , Rr          , Uu          , Qxu         , Qxu         , Qxu         , Qxu         , Qxu         , Ww          , Ww          , Ww          , Qxu         , Qxu         , Qxu         , Qxu         , Qxu         , Uu          , Rr          , Rr          , Rr          , Uu          , Qxu         , Qxu         , Qxu         , Qxu         , Qxu         , Qxu         , Re          , Qxu^Bs\     , Qxu         , Qxu         
Qxu         , Uu^Vud      , Qxu         , Qxu         , Qxu         , Qxu         , Qxu         , Qxu         , Qxu         , Qxu         , Qxu         , Qxu         , Qxu         , Qxu         , Qxu         , Qxu         , Qxu         , Qxu         , Qxu         , Qxu         , Xu          , Xu          , Xu          , Qxu         , Qxu         , Qxu         , Qxu         , Qxu         , Qxu         , Qxu         , Qxu         , Qxu         , Qxu         , Qxu         , Qxu         , Qxu         , Qxu         , Qxu         , Qxu         , Qxu         , Qxu         , Uu^Vud      , Qxu         
Qxu         , Qxu         , Qxu         , Qxu         , Qxu         , Qxu         , Qxu         , Qxu         , Qxu         , Qxu         , Qxu         , Qxu         , Qxu         , Qxu         , Qxu         , Qxu         , Qxu         , Qxu         , Qxu         , Qxu         , Xu          , Xu          , Xu          , Qxu         , Qxu         , Qxu         , Qxu         , Qxu         , Qxu         , Qxu         , Qxu         , Qxu         , Qxu         , Qxu         , Qxu         , Qxu         , Qxu         , Qxu         , Qxu         , Qxu         , Qxu         , Qxu         , Qxu         
